package sample

type Sample struct {
	A  int
	B  string
	AA bool
}

func Sample1() {
	s := Sample{ // want "fields 'AA' are not initialized"
		A:  1,
		B:  "hello",
		AA: false,
	}
	_ = s
}

func Sample2() {
	s := Sample{
		A:  1,
		B:  "hello",
		AA: false,
	}
	_ = s
}

func Sample3() {
	// ignore:robustruct
	s := Sample{
		B: "hello",
		A: 1,
	}
	_ = s
}

func Sample4() {
	s := Sample{
		A: 1,
		B: "hello",
	} // ignore:fields_require
	_ = s
}
