package ignore

func IgnoredByTest() SampleStruct {
	return SampleStruct{
		Field1: 1,
		Field2: "hello",
	}
}
